---
source: creates/rico/tests/snapshots/parser.rs
description: Testing namespace thrift file
snapshot_kind: text
---
{
  "kind": "ThriftDocument",
  "members": [
    {
      "kind": "NamespaceDefinition",
      "loc": {
        "start": {
          "line": 1,
          "column": 1,
          "index": 0
        },
        "end": {
          "line": 1,
          "column": 26,
          "index": 25
        }
      },
      "name": {
        "kind": "Identifier",
        "value": "main_service",
        "loc": {
          "start": {
            "line": 1,
            "column": 14,
            "index": 13
          },
          "end": {
            "line": 1,
            "column": 26,
            "index": 25
          }
        }
      },
      "scope": {
        "kind": "Identifier",
        "value": "py",
        "loc": {
          "start": {
            "line": 1,
            "column": 11,
            "index": 10
          },
          "end": {
            "line": 1,
            "column": 13,
            "index": 12
          }
        }
      },
      "comments": []
    },
    {
      "kind": "NamespaceDefinition",
      "loc": {
        "start": {
          "line": 2,
          "column": 1,
          "index": 26
        },
        "end": {
          "line": 2,
          "column": 27,
          "index": 52
        }
      },
      "name": {
        "kind": "Identifier",
        "value": "other_service",
        "loc": {
          "start": {
            "line": 2,
            "column": 14,
            "index": 39
          },
          "end": {
            "line": 2,
            "column": 27,
            "index": 52
          }
        }
      },
      "scope": {
        "kind": "Identifier",
        "value": "go",
        "loc": {
          "start": {
            "line": 2,
            "column": 11,
            "index": 36
          },
          "end": {
            "line": 2,
            "column": 13,
            "index": 38
          }
        }
      },
      "comments": []
    },
    {
      "kind": "NamespaceDefinition",
      "loc": {
        "start": {
          "line": 3,
          "column": 1,
          "index": 53
        },
        "end": {
          "line": 3,
          "column": 19,
          "index": 71
        }
      },
      "name": {
        "kind": "Identifier",
        "value": "a.b.c",
        "loc": {
          "start": {
            "line": 3,
            "column": 14,
            "index": 66
          },
          "end": {
            "line": 3,
            "column": 19,
            "index": 71
          }
        }
      },
      "scope": {
        "kind": "Identifier",
        "value": "go",
        "loc": {
          "start": {
            "line": 3,
            "column": 11,
            "index": 63
          },
          "end": {
            "line": 3,
            "column": 13,
            "index": 65
          }
        }
      },
      "comments": []
    }
  ]
}
