---
source: creates/rico/tests/snapshots/parser.rs
description: Testing include thrift file
snapshot_kind: text
---
{
  "kind": "ThriftDocument",
  "members": [
    {
      "kind": "IncludeDefinition",
      "loc": {
        "start": {
          "line": 1,
          "column": 1,
          "index": 0
        },
        "end": {
          "line": 1,
          "column": 17,
          "index": 16
        }
      },
      "name": {
        "kind": "Identifier",
        "value": "\"common\"",
        "loc": {
          "start": {
            "line": 1,
            "column": 9,
            "index": 8
          },
          "end": {
            "line": 1,
            "column": 17,
            "index": 16
          }
        }
      },
      "comments": []
    },
    {
      "kind": "IncludeDefinition",
      "loc": {
        "start": {
          "line": 2,
          "column": 1,
          "index": 17
        },
        "end": {
          "line": 2,
          "column": 21,
          "index": 37
        }
      },
      "name": {
        "kind": "Identifier",
        "value": "\"common.a.b\"",
        "loc": {
          "start": {
            "line": 2,
            "column": 9,
            "index": 25
          },
          "end": {
            "line": 2,
            "column": 21,
            "index": 37
          }
        }
      },
      "comments": []
    }
  ]
}
